15/07/29 20:39:19 INFO Worker: Asked to launch executor app-20150729203919-0000/0 for peel-wordcount-spark
15/07/29 20:39:19 INFO ExecutorRunner: Launch command: "/usr/lib/jvm/java-8-oracle/jre/bin/java" "-cp" "/home/someuser/etc/spark-1.4.0-bin-hadoop2.4/sbin/../conf/:/home/someuser/etc/spark-1.4.0-bin-hadoop2.4/lib/spark-assembly-1.4.0-hadoop2.4.0.jar:/home/someuser/etc/spark-1.4.0-bin-hadoop2.4/lib/datanucleus-core-3.2.10.jar:/home/someuser/etc/spark-1.4.0-bin-hadoop2.4/lib/datanucleus-api-jdo-3.2.6.jar:/home/someuser/etc/spark-1.4.0-bin-hadoop2.4/lib/datanucleus-rdbms-3.2.9.jar" "-Xms512M" "-Xmx512M" "-Dspark.driver.port=37584" "org.apache.spark.executor.CoarseGrainedExecutorBackend" "--driver-url" "akka.tcp://sparkDriver@130.149.248.229:37584/user/CoarseGrainedScheduler" "--executor-id" "0" "--hostname" "130.149.248.229" "--cores" "4" "--app-id" "app-20150729203919-0000" "--worker-url" "akka.tcp://sparkWorker@130.149.248.229:35014/user/Worker"
15/07/29 20:39:29 INFO Worker: Executor app-20150729203919-0000/0 finished with state EXITED message Command exited with code 0 exitStatus 0
